------------------------------------------------------------
TimeQuest Timing Analyzer Summary
------------------------------------------------------------

Type  : Slow 1200mV 85C Model Setup 'CLK'
Slack : -2.294
TNS   : -27.873

Type  : Slow 1200mV 85C Model Hold 'CLK'
Slack : 0.403
TNS   : 0.000

Type  : Slow 1200mV 85C Model Recovery 'CLK'
Slack : 4.795
TNS   : 0.000

Type  : Slow 1200mV 85C Model Removal 'CLK'
Slack : 1.943
TNS   : 0.000

Type  : Slow 1200mV 85C Model Minimum Pulse Width 'CLK'
Slack : 9.381
TNS   : 0.000

Type  : Slow 1200mV 0C Model Setup 'CLK'
Slack : -1.177
TNS   : -7.429

Type  : Slow 1200mV 0C Model Hold 'CLK'
Slack : 0.379
TNS   : 0.000

Type  : Slow 1200mV 0C Model Recovery 'CLK'
Slack : 5.030
TNS   : 0.000

Type  : Slow 1200mV 0C Model Removal 'CLK'
Slack : 1.760
TNS   : 0.000

Type  : Slow 1200mV 0C Model Minimum Pulse Width 'CLK'
Slack : 9.388
TNS   : 0.000

Type  : Fast 1200mV 0C Model Setup 'CLK'
Slack : 5.309
TNS   : 0.000

Type  : Fast 1200mV 0C Model Hold 'CLK'
Slack : 0.143
TNS   : 0.000

Type  : Fast 1200mV 0C Model Recovery 'CLK'
Slack : 7.151
TNS   : 0.000

Type  : Fast 1200mV 0C Model Removal 'CLK'
Slack : 0.866
TNS   : 0.000

Type  : Fast 1200mV 0C Model Minimum Pulse Width 'CLK'
Slack : 9.155
TNS   : 0.000

------------------------------------------------------------
